[KLYN SWARM ENGINE v5.0] Multi-Agent Gateway running on http://localhost:7860
[SWARM ARCHITECT] Analyzing prompt: "Create high speed authentication token manager"...
[SWARM CODER] Generating Native ESM module for: swarm_module.js...
[KLYN SWARM ENGINE v5.1] Active on http://localhost:7860
[HEALER] Detected syntax error in app.js. Applying autonomous patch...
[HEALER] Detected syntax error in engine.js. Applying autonomous patch...
✅ Patch generated!
[HEALER] Detected syntax error in klyn_agent_loop.js. Applying autonomous patch...
[HEALER] Detected syntax error in klyn_core.js. Applying autonomous patch...
[HEALER] Detected syntax error in klyn_daemon.js. Applying autonomous patch...
[HEALER] Detected syntax error in klyn_query.js. Applying autonomous patch...
[HEALER] Detected syntax error in mod_b.js. Applying autonomous patch...
[HEALER] Detected syntax error in patch_engine.js. Applying autonomous patch...
[HEALER] Detected syntax error in test-vault.js. Applying autonomous patch...
Klyn OS Safe Patch Applied!
✅ Klyn Master Server successfully updated to v4.2 (Git Auto-Commit Engine)!
✅ Klyn Master Server successfully upgraded to v5.0 Swarm Engine!
[HEALER] Detected syntax error in upgrade_v51.js. Applying autonomous patch...
[KLYN SWARM ENGINE v5.2] Multi-Agent Consensus Server on http://localhost:7860
[KLYN SWARM ENGINE v5.3] Micro-Vector Gateway on http://localhost:7860
[KLYN SWARM ENGINE v5.4] Pipeline Gateway on http://localhost:7860
[KLYN SWARM ENGINE v6.0] Self-Evolving Gateway on http://localhost:7860
[KLYN SWARM ENGINE v7.0] Multi-Agent Matrix Gateway on http://localhost:7860
[KLYN SWARM ENGINE v8.0] Realtime AST Weaver Gateway on http://localhost:7860
[KLYN SWARM ENGINE v9.0] Self-Healing Gateway on http://localhost:7860
[KLYN APEX ENGINE v10.0] Gateway active on http://localhost:7860
[KLYN MATRIX ENGINE v11.0] Gateway active on http://localhost:7860
file:///data/data/com.termux/files/home/klyn-ai-os/2.vault/klyn_server.js:115
      nodeId: `node_${i + 1}`,
               ^^^^^^

SyntaxError: Unexpected identifier 'node_$'
    at compileSourceTextModule (node:internal/modules/esm/utils:318:16)
    at ModuleLoader.moduleStrategy (node:internal/modules/esm/translators:90:18)
    at #translate (node:internal/modules/esm/loader:435:20)
    at afterLoad (node:internal/modules/esm/loader:491:29)
    at ModuleLoader.loadAndTranslate (node:internal/modules/esm/loader:496:12)
    at #getOrCreateModuleJobAfterResolve (node:internal/modules/esm/loader:549:36)
    at afterResolve (node:internal/modules/esm/loader:597:52)
    at ModuleLoader.getOrCreateModuleJob (node:internal/modules/esm/loader:603:12)
    at onImport.tracePromise.__proto__ (node:internal/modules/esm/loader:622:32)
    at TracingChannel.tracePromise (node:diagnostics_channel:362:14)

Node.js v24.17.0
